------------------------------------------------------------
TimeQuest Timing Analyzer Summary
------------------------------------------------------------

Type  : Slow 1100mV 85C Model Setup 'FPGA_CLK1_50'
Slack : -8.392
TNS   : -1771.408

Type  : Slow 1100mV 85C Model Setup 'wolfcore:CPU|instrWriteBack[10]'
Slack : -6.304
TNS   : -173.720

Type  : Slow 1100mV 85C Model Hold 'FPGA_CLK1_50'
Slack : -1.854
TNS   : -61.527

Type  : Slow 1100mV 85C Model Hold 'wolfcore:CPU|instrWriteBack[10]'
Slack : 2.142
TNS   : 0.000

Type  : Slow 1100mV 85C Model Minimum Pulse Width 'FPGA_CLK1_50'
Slack : -0.394
TNS   : -308.043

Type  : Slow 1100mV 85C Model Minimum Pulse Width 'wolfcore:CPU|instrWriteBack[10]'
Slack : 0.035
TNS   : 0.000

Type  : Slow 1100mV 0C Model Setup 'FPGA_CLK1_50'
Slack : -8.165
TNS   : -1728.335

Type  : Slow 1100mV 0C Model Setup 'wolfcore:CPU|instrWriteBack[10]'
Slack : -6.391
TNS   : -178.623

Type  : Slow 1100mV 0C Model Hold 'FPGA_CLK1_50'
Slack : -1.912
TNS   : -77.846

Type  : Slow 1100mV 0C Model Hold 'wolfcore:CPU|instrWriteBack[10]'
Slack : 2.212
TNS   : 0.000

Type  : Slow 1100mV 0C Model Minimum Pulse Width 'FPGA_CLK1_50'
Slack : -0.394
TNS   : -276.197

Type  : Slow 1100mV 0C Model Minimum Pulse Width 'wolfcore:CPU|instrWriteBack[10]'
Slack : 0.067
TNS   : 0.000

Type  : Fast 1100mV 85C Model Setup 'FPGA_CLK1_50'
Slack : -5.096
TNS   : -936.696

Type  : Fast 1100mV 85C Model Setup 'wolfcore:CPU|instrWriteBack[10]'
Slack : -3.217
TNS   : -85.253

Type  : Fast 1100mV 85C Model Hold 'FPGA_CLK1_50'
Slack : -0.962
TNS   : -18.154

Type  : Fast 1100mV 85C Model Hold 'wolfcore:CPU|instrWriteBack[10]'
Slack : 1.209
TNS   : 0.000

Type  : Fast 1100mV 85C Model Minimum Pulse Width 'FPGA_CLK1_50'
Slack : -0.393
TNS   : -201.781

Type  : Fast 1100mV 85C Model Minimum Pulse Width 'wolfcore:CPU|instrWriteBack[10]'
Slack : 0.120
TNS   : 0.000

Type  : Fast 1100mV 0C Model Setup 'FPGA_CLK1_50'
Slack : -4.399
TNS   : -797.851

Type  : Fast 1100mV 0C Model Setup 'wolfcore:CPU|instrWriteBack[10]'
Slack : -2.979
TNS   : -80.632

Type  : Fast 1100mV 0C Model Hold 'FPGA_CLK1_50'
Slack : -0.960
TNS   : -23.436

Type  : Fast 1100mV 0C Model Hold 'wolfcore:CPU|instrWriteBack[10]'
Slack : 1.240
TNS   : 0.000

Type  : Fast 1100mV 0C Model Minimum Pulse Width 'FPGA_CLK1_50'
Slack : -0.433
TNS   : -247.524

Type  : Fast 1100mV 0C Model Minimum Pulse Width 'wolfcore:CPU|instrWriteBack[10]'
Slack : 0.194
TNS   : 0.000

------------------------------------------------------------
