------------------------------------------------------------
TimeQuest Timing Analyzer Summary
------------------------------------------------------------

Type  : Slow 1100mV 85C Model Setup 'FPGA_CLK1_50'
Slack : 15.927
TNS   : 0.000

Type  : Slow 1100mV 85C Model Setup 'pll_unit|mainpll_inst|altera_pll_i|general[0].gpll~PLL_OUTPUT_COUNTER|divclk'
Slack : 865.072
TNS   : 0.000

Type  : Slow 1100mV 85C Model Hold 'pll_unit|mainpll_inst|altera_pll_i|general[0].gpll~PLL_OUTPUT_COUNTER|divclk'
Slack : 0.250
TNS   : 0.000

Type  : Slow 1100mV 85C Model Hold 'FPGA_CLK1_50'
Slack : 0.258
TNS   : 0.000

Type  : Slow 1100mV 85C Model Minimum Pulse Width 'pll_unit|mainpll_inst|altera_pll_i|general[0].gpll~FRACTIONAL_PLL|vcoph[0]'
Slack : 1.240
TNS   : 0.000

Type  : Slow 1100mV 85C Model Minimum Pulse Width 'FPGA_CLK1_50'
Slack : 9.229
TNS   : 0.000

Type  : Slow 1100mV 85C Model Minimum Pulse Width 'pll_unit|mainpll_inst|altera_pll_i|general[0].gpll~PLL_OUTPUT_COUNTER|divclk'
Slack : 433.330
TNS   : 0.000

Type  : Slow 1100mV 0C Model Setup 'FPGA_CLK1_50'
Slack : 15.998
TNS   : 0.000

Type  : Slow 1100mV 0C Model Setup 'pll_unit|mainpll_inst|altera_pll_i|general[0].gpll~PLL_OUTPUT_COUNTER|divclk'
Slack : 865.044
TNS   : 0.000

Type  : Slow 1100mV 0C Model Hold 'pll_unit|mainpll_inst|altera_pll_i|general[0].gpll~PLL_OUTPUT_COUNTER|divclk'
Slack : 0.227
TNS   : 0.000

Type  : Slow 1100mV 0C Model Hold 'FPGA_CLK1_50'
Slack : 0.237
TNS   : 0.000

Type  : Slow 1100mV 0C Model Minimum Pulse Width 'pll_unit|mainpll_inst|altera_pll_i|general[0].gpll~FRACTIONAL_PLL|vcoph[0]'
Slack : 1.240
TNS   : 0.000

Type  : Slow 1100mV 0C Model Minimum Pulse Width 'FPGA_CLK1_50'
Slack : 9.301
TNS   : 0.000

Type  : Slow 1100mV 0C Model Minimum Pulse Width 'pll_unit|mainpll_inst|altera_pll_i|general[0].gpll~PLL_OUTPUT_COUNTER|divclk'
Slack : 433.262
TNS   : 0.000

Type  : Fast 1100mV 85C Model Setup 'FPGA_CLK1_50'
Slack : 17.560
TNS   : 0.000

Type  : Fast 1100mV 85C Model Setup 'pll_unit|mainpll_inst|altera_pll_i|general[0].gpll~PLL_OUTPUT_COUNTER|divclk'
Slack : 866.343
TNS   : 0.000

Type  : Fast 1100mV 85C Model Hold 'pll_unit|mainpll_inst|altera_pll_i|general[0].gpll~PLL_OUTPUT_COUNTER|divclk'
Slack : 0.157
TNS   : 0.000

Type  : Fast 1100mV 85C Model Hold 'FPGA_CLK1_50'
Slack : 0.159
TNS   : 0.000

Type  : Fast 1100mV 85C Model Minimum Pulse Width 'pll_unit|mainpll_inst|altera_pll_i|general[0].gpll~FRACTIONAL_PLL|vcoph[0]'
Slack : 1.240
TNS   : 0.000

Type  : Fast 1100mV 85C Model Minimum Pulse Width 'FPGA_CLK1_50'
Slack : 9.104
TNS   : 0.000

Type  : Fast 1100mV 85C Model Minimum Pulse Width 'pll_unit|mainpll_inst|altera_pll_i|general[0].gpll~PLL_OUTPUT_COUNTER|divclk'
Slack : 433.589
TNS   : 0.000

Type  : Fast 1100mV 0C Model Setup 'FPGA_CLK1_50'
Slack : 17.788
TNS   : 0.000

Type  : Fast 1100mV 0C Model Setup 'pll_unit|mainpll_inst|altera_pll_i|general[0].gpll~PLL_OUTPUT_COUNTER|divclk'
Slack : 866.437
TNS   : 0.000

Type  : Fast 1100mV 0C Model Hold 'pll_unit|mainpll_inst|altera_pll_i|general[0].gpll~PLL_OUTPUT_COUNTER|divclk'
Slack : 0.141
TNS   : 0.000

Type  : Fast 1100mV 0C Model Hold 'FPGA_CLK1_50'
Slack : 0.144
TNS   : 0.000

Type  : Fast 1100mV 0C Model Minimum Pulse Width 'pll_unit|mainpll_inst|altera_pll_i|general[0].gpll~FRACTIONAL_PLL|vcoph[0]'
Slack : 1.240
TNS   : 0.000

Type  : Fast 1100mV 0C Model Minimum Pulse Width 'FPGA_CLK1_50'
Slack : 9.066
TNS   : 0.000

Type  : Fast 1100mV 0C Model Minimum Pulse Width 'pll_unit|mainpll_inst|altera_pll_i|general[0].gpll~PLL_OUTPUT_COUNTER|divclk'
Slack : 433.577
TNS   : 0.000

------------------------------------------------------------
